PARSE ERROR: Argument: -f (--floatTest)
             Couldn't read argument value from string 'nine'

Brief USAGE: 
   ../examples/test2  [-f <float>] -i <int> -s <string> [-A] [-C] [-B] [--]
                      [-v] [-h] <string> <string> ...

For complete USAGE and HELP type: 
   ../examples/test2 --help

